// Jest Snapshot v1, https://goo.gl/fbAQLP

exports[`components/Queue can render 1`] = `
<ul>
  <li>
    Circles
  </li>
</ul>
`;
