// Jest Snapshot v1, https://goo.gl/fbAQLP

exports[`components/Next can render 1`] = `
<button
  onClick={[Function]}
>
  Next
</button>
`;
