// Jest Snapshot v1, https://goo.gl/fbAQLP

exports[`components/Backdrop returns Backdrop 1`] = `
<div
  className="Backdrop"
  style={
    Object {
      "backgroundImage": "url(test.png)",
    }
  }
/>
`;
